Testing char
+   scalar_count: 1
+ vpvector_count: 1
>              v1 = 10
>              v2 = 20
>              v3 = 30
>        v1+v2+v3 = 60
>        v1-v2-v3 = -40
>        v1*v2*v3 = 112
>        v1/v2/v3 = 0
>        v1%v2%v3 = 10
>           v3/v1 = 3
> (v1+v2)*(v1-v2) = -44
>      (v3%v2)/v1 = 1
>            ++v1 = 11, v1 = 11
>            v1++ = 11, v1 = 12
>            --v1 = 11, v1 = 11
>            v1-- = 11, v1 = 10
>          v1+=v2 = 30
>          v1-=v2 = 10
>          v1*=v2 = -56
>          v1/=v2 = -2
>          v1%=v2 = -2
>  madd(v1,v2,v3) = -10
> nmsub(v1,v2,v3) = 70
Testing signed char
+   scalar_count: 1
+ vpvector_count: 1
>              v1 = 10
>              v2 = 20
>              v3 = 30
>        v1+v2+v3 = 60
>        v1-v2-v3 = -40
>        v1*v2*v3 = 112
>        v1/v2/v3 = 0
>        v1%v2%v3 = 10
>           v3/v1 = 3
> (v1+v2)*(v1-v2) = -44
>      (v3%v2)/v1 = 1
>            ++v1 = 11, v1 = 11
>            v1++ = 11, v1 = 12
>            --v1 = 11, v1 = 11
>            v1-- = 11, v1 = 10
>          v1+=v2 = 30
>          v1-=v2 = 10
>          v1*=v2 = -56
>          v1/=v2 = -2
>          v1%=v2 = -2
>  madd(v1,v2,v3) = -10
> nmsub(v1,v2,v3) = 70
Testing unsigned char
+   scalar_count: 1
+ vpvector_count: 1
>              v1 = 10
>              v2 = 20
>              v3 = 30
>        v1+v2+v3 = 60
>        v1-v2-v3 = 216
>        v1*v2*v3 = 112
>        v1/v2/v3 = 0
>        v1%v2%v3 = 10
>           v3/v1 = 3
> (v1+v2)*(v1-v2) = 212
>      (v3%v2)/v1 = 1
>            ++v1 = 11, v1 = 11
>            v1++ = 11, v1 = 12
>            --v1 = 11, v1 = 11
>            v1-- = 11, v1 = 10
>          v1+=v2 = 30
>          v1-=v2 = 10
>          v1*=v2 = 200
>          v1/=v2 = 10
>          v1%=v2 = 10
>  madd(v1,v2,v3) = 230
> nmsub(v1,v2,v3) = 86
Testing short int
+   scalar_count: 1
+ vpvector_count: 1
>              v1 = 10
>              v2 = 20
>              v3 = 30
>        v1+v2+v3 = 60
>        v1-v2-v3 = -40
>        v1*v2*v3 = 6000
>        v1/v2/v3 = 0
>        v1%v2%v3 = 10
>           v3/v1 = 3
> (v1+v2)*(v1-v2) = -300
>      (v3%v2)/v1 = 1
>            ++v1 = 11, v1 = 11
>            v1++ = 11, v1 = 12
>            --v1 = 11, v1 = 11
>            v1-- = 11, v1 = 10
>          v1+=v2 = 30
>          v1-=v2 = 10
>          v1*=v2 = 200
>          v1/=v2 = 10
>          v1%=v2 = 10
>  madd(v1,v2,v3) = 230
> nmsub(v1,v2,v3) = -170
Testing unsigned short int
+   scalar_count: 1
+ vpvector_count: 1
>              v1 = 10
>              v2 = 20
>              v3 = 30
>        v1+v2+v3 = 60
>        v1-v2-v3 = 65496
>        v1*v2*v3 = 6000
>        v1/v2/v3 = 0
>        v1%v2%v3 = 10
>           v3/v1 = 3
> (v1+v2)*(v1-v2) = 65236
>      (v3%v2)/v1 = 1
>            ++v1 = 11, v1 = 11
>            v1++ = 11, v1 = 12
>            --v1 = 11, v1 = 11
>            v1-- = 11, v1 = 10
>          v1+=v2 = 30
>          v1-=v2 = 10
>          v1*=v2 = 200
>          v1/=v2 = 10
>          v1%=v2 = 10
>  madd(v1,v2,v3) = 230
> nmsub(v1,v2,v3) = 65366
Testing int
+   scalar_count: 1
+ vpvector_count: 1
>              v1 = 10
>              v2 = 20
>              v3 = 30
>        v1+v2+v3 = 60
>        v1-v2-v3 = -40
>        v1*v2*v3 = 6000
>        v1/v2/v3 = 0
>        v1%v2%v3 = 10
>           v3/v1 = 3
> (v1+v2)*(v1-v2) = -300
>      (v3%v2)/v1 = 1
>            ++v1 = 11, v1 = 11
>            v1++ = 11, v1 = 12
>            --v1 = 11, v1 = 11
>            v1-- = 11, v1 = 10
>          v1+=v2 = 30
>          v1-=v2 = 10
>          v1*=v2 = 200
>          v1/=v2 = 10
>          v1%=v2 = 10
>  madd(v1,v2,v3) = 230
> nmsub(v1,v2,v3) = -170
Testing unsigned int
+   scalar_count: 1
+ vpvector_count: 1
>              v1 = 10
>              v2 = 20
>              v3 = 30
>        v1+v2+v3 = 60
>        v1-v2-v3 = 4294967256
>        v1*v2*v3 = 6000
>        v1/v2/v3 = 0
>        v1%v2%v3 = 10
>           v3/v1 = 3
> (v1+v2)*(v1-v2) = 4294966996
>      (v3%v2)/v1 = 1
>            ++v1 = 11, v1 = 11
>            v1++ = 11, v1 = 12
>            --v1 = 11, v1 = 11
>            v1-- = 11, v1 = 10
>          v1+=v2 = 30
>          v1-=v2 = 10
>          v1*=v2 = 200
>          v1/=v2 = 10
>          v1%=v2 = 10
>  madd(v1,v2,v3) = 230
> nmsub(v1,v2,v3) = 4294967126
Testing long int
+   scalar_count: 1
+ vpvector_count: 1
>              v1 = 10
>              v2 = 20
>              v3 = 30
>        v1+v2+v3 = 60
>        v1-v2-v3 = -40
>        v1*v2*v3 = 6000
>        v1/v2/v3 = 0
>        v1%v2%v3 = 10
>           v3/v1 = 3
> (v1+v2)*(v1-v2) = -300
>      (v3%v2)/v1 = 1
>            ++v1 = 11, v1 = 11
>            v1++ = 11, v1 = 12
>            --v1 = 11, v1 = 11
>            v1-- = 11, v1 = 10
>          v1+=v2 = 30
>          v1-=v2 = 10
>          v1*=v2 = 200
>          v1/=v2 = 10
>          v1%=v2 = 10
>  madd(v1,v2,v3) = 230
> nmsub(v1,v2,v3) = -170
Testing unsigned long int
+   scalar_count: 1
+ vpvector_count: 1
>              v1 = 10
>              v2 = 20
>              v3 = 30
>        v1+v2+v3 = 60
>        v1-v2-v3 = 4294967256
>        v1*v2*v3 = 6000
>        v1/v2/v3 = 0
>        v1%v2%v3 = 10
>           v3/v1 = 3
> (v1+v2)*(v1-v2) = 4294966996
>      (v3%v2)/v1 = 1
>            ++v1 = 11, v1 = 11
>            v1++ = 11, v1 = 12
>            --v1 = 11, v1 = 11
>            v1-- = 11, v1 = 10
>          v1+=v2 = 30
>          v1-=v2 = 10
>          v1*=v2 = 200
>          v1/=v2 = 10
>          v1%=v2 = 10
>  madd(v1,v2,v3) = 230
> nmsub(v1,v2,v3) = 4294967126
Testing float
+   scalar_count: 1
+ vpvector_count: 1
>              v1 = 10
>              v2 = 20
>              v3 = 30
>        v1+v2+v3 = 60
>        v1-v2-v3 = -40
>        v1*v2*v3 = 6000
>        v1/v2/v3 = 0.0166667
>           v3/v1 = 3
> (v1+v2)*(v1-v2) = -300
>            ++v1 = 11, v1 = 11
>            v1++ = 11, v1 = 12
>            --v1 = 11, v1 = 11
>            v1-- = 11, v1 = 10
>          v1+=v2 = 30
>          v1-=v2 = 10
>          v1*=v2 = 200
>          v1/=v2 = 10
>  madd(v1,v2,v3) = 230
> nmsub(v1,v2,v3) = -170
Testing double
+   scalar_count: 1
+ vpvector_count: 1
>              v1 = 10
>              v2 = 20
>              v3 = 30
>        v1+v2+v3 = 60
>        v1-v2-v3 = -40
>        v1*v2*v3 = 6000
>        v1/v2/v3 = 0.0166667
>           v3/v1 = 3
> (v1+v2)*(v1-v2) = -300
>            ++v1 = 11, v1 = 11
>            v1++ = 11, v1 = 12
>            --v1 = 11, v1 = 11
>            v1-- = 11, v1 = 10
>          v1+=v2 = 30
>          v1-=v2 = 10
>          v1*=v2 = 200
>          v1/=v2 = 10
>  madd(v1,v2,v3) = 230
> nmsub(v1,v2,v3) = -170
Testing long double
+   scalar_count: 1
+ vpvector_count: 1
>              v1 = 10
>              v2 = 20
>              v3 = 30
>        v1+v2+v3 = 60
>        v1-v2-v3 = -40
>        v1*v2*v3 = 6000
>        v1/v2/v3 = 0.0166667
>           v3/v1 = 3
> (v1+v2)*(v1-v2) = -300
>            ++v1 = 11, v1 = 11
>            v1++ = 11, v1 = 12
>            --v1 = 11, v1 = 11
>            v1-- = 11, v1 = 10
>          v1+=v2 = 30
>          v1-=v2 = 10
>          v1*=v2 = 200
>          v1/=v2 = 10
>  madd(v1,v2,v3) = 230
> nmsub(v1,v2,v3) = -170
