Testing char
>                 v1 = 7
>               char = 7
>        signed char = 7
>      unsigned char = 7
>          short int = 7
> unsigned short int = 7
>                int = 7
>       unsigned int = 7
>           long int = 7
>  unsigned long int = 7
>              float = 7
>             double = 7
>        long double = 7

Testing signed char
>                 v1 = 7
>               char = 7
>        signed char = 7
>      unsigned char = 7
>          short int = 7
> unsigned short int = 7
>                int = 7
>       unsigned int = 7
>           long int = 7
>  unsigned long int = 7
>              float = 7
>             double = 7
>        long double = 7

Testing unsigned char
>                 v1 = 7
>               char = 7
>        signed char = 7
>      unsigned char = 7
>          short int = 7
> unsigned short int = 7
>                int = 7
>       unsigned int = 7
>           long int = 7
>  unsigned long int = 7
>              float = 7
>             double = 7
>        long double = 7

Testing short int
>                 v1 = 7
>               char = 7
>        signed char = 7
>      unsigned char = 7
>          short int = 7
> unsigned short int = 7
>                int = 7
>       unsigned int = 7
>           long int = 7
>  unsigned long int = 7
>              float = 7
>             double = 7
>        long double = 7

Testing unsigned short int
>                 v1 = 7
>               char = 7
>        signed char = 7
>      unsigned char = 7
>          short int = 7
> unsigned short int = 7
>                int = 7
>       unsigned int = 7
>           long int = 7
>  unsigned long int = 7
>              float = 7
>             double = 7
>        long double = 7

Testing int
>                 v1 = 7
>               char = 7
>        signed char = 7
>      unsigned char = 7
>          short int = 7
> unsigned short int = 7
>                int = 7
>       unsigned int = 7
>           long int = 7
>  unsigned long int = 7
>              float = 7
>             double = 7
>        long double = 7

Testing unsigned int
>                 v1 = 7
>               char = 7
>        signed char = 7
>      unsigned char = 7
>          short int = 7
> unsigned short int = 7
>                int = 7
>       unsigned int = 7
>           long int = 7
>  unsigned long int = 7
>              float = 7
>             double = 7
>        long double = 7

Testing long int
>                 v1 = 7
>               char = 7
>        signed char = 7
>      unsigned char = 7
>          short int = 7
> unsigned short int = 7
>                int = 7
>       unsigned int = 7
>           long int = 7
>  unsigned long int = 7
>              float = 7
>             double = 7
>        long double = 7

Testing unsigned long int
>                 v1 = 7
>               char = 7
>        signed char = 7
>      unsigned char = 7
>          short int = 7
> unsigned short int = 7
>                int = 7
>       unsigned int = 7
>           long int = 7
>  unsigned long int = 7
>              float = 7
>             double = 7
>        long double = 7

Testing float
>                 v1 = 7
>               char = 7
>        signed char = 7
>      unsigned char = 7
>          short int = 7
> unsigned short int = 7
>                int = 7
>       unsigned int = 7
>           long int = 7
>  unsigned long int = 7
>              float = 7
>             double = 7
>        long double = 7

Testing double
>                 v1 = 7
>               char = 7
>        signed char = 7
>      unsigned char = 7
>          short int = 7
> unsigned short int = 7
>                int = 7
>       unsigned int = 7
>           long int = 7
>  unsigned long int = 7
>              float = 7
>             double = 7
>        long double = 7

Testing long double
>                 v1 = 7
>               char = 7
>        signed char = 7
>      unsigned char = 7
>          short int = 7
> unsigned short int = 7
>                int = 7
>       unsigned int = 7
>           long int = 7
>  unsigned long int = 7
>              float = 7
>             double = 7
>        long double = 7

